------------------------------------------------------------
Timing Analyzer Summary
------------------------------------------------------------

Type  : Slow 1100mV 85C Model Setup 'SCLK'
Slack : -0.979
TNS   : -15.873

Type  : Slow 1100mV 85C Model Hold 'SCLK'
Slack : 0.251
TNS   : 0.000

Type  : Slow 1100mV 85C Model Minimum Pulse Width 'SCLK'
Slack : -0.394
TNS   : -15.432

Type  : Slow 1100mV 0C Model Setup 'SCLK'
Slack : -1.085
TNS   : -16.257

Type  : Slow 1100mV 0C Model Hold 'SCLK'
Slack : 0.229
TNS   : 0.000

Type  : Slow 1100mV 0C Model Minimum Pulse Width 'SCLK'
Slack : -0.394
TNS   : -14.138

Type  : Fast 1100mV 85C Model Setup 'SCLK'
Slack : -0.058
TNS   : -0.141

Type  : Fast 1100mV 85C Model Hold 'SCLK'
Slack : 0.149
TNS   : 0.000

Type  : Fast 1100mV 85C Model Minimum Pulse Width 'SCLK'
Slack : -0.298
TNS   : -7.495

Type  : Fast 1100mV 0C Model Setup 'SCLK'
Slack : -0.037
TNS   : -0.068

Type  : Fast 1100mV 0C Model Hold 'SCLK'
Slack : 0.133
TNS   : 0.000

Type  : Fast 1100mV 0C Model Minimum Pulse Width 'SCLK'
Slack : -0.275
TNS   : -6.898

------------------------------------------------------------
